# Result of getting continuous backup info
# tag::get-backup-info[]
| Buckets
| -------
| 
| * Bucket
|   ------
|   Name          | UUID                             |
|   travel-sample | b5de13bdc656985b0a41dd3d832c9be6 |
|   
|   Range
|   -----
|   Start                | End                  |
|   2026-06-05T14:57:18Z | 2026-06-23T17:55:22Z |
|  
# end::get-backup-info[]

# tag::restore-output[]
Warning: Restore has skipped some users and/or groups. Please check the logs for more information.
(1/6) Restoring backup '2026-06-05T14_07_44.644199759Z'
Copied all data in 2.196s (Avg. 20.72MiB/Sec)                                                                                  63288 items / 41.43MiB
[===========================================================================================================================================] 100.00%

| Transfer
| --------
| Status    | Avg Transfer Rate | Started At                      | Finished At                     | Duration |
| Succeeded | 20.72MiB/s        | Tue, 09 Jun 2026 18:28:44 +0000 | Tue, 09 Jun 2026 18:28:46 +0000 | 2.274s   |

| Bucket
| ------
| Name          | Status    | Transferred | Avg Transfer Rate | Started At                      | Finished At                     | Duration |
| travel-sample | Succeeded | 41.43MiB    | 41.43MiB/s        | Tue, 09 Jun 2026 18:28:45 +0000 | Tue, 09 Jun 2026 18:28:46 +0000 | 1.939s   |
|
| Mutations                    | Deletions                    | Expirations                  |
| ---------                    | ---------                    | -----------                  |
| Received | Errored | Skipped | Received | Errored | Skipped | Received | Errored | Skipped |
| 63288    | 0       | 0       | 0        | 0       | 0       | 0        | 0       | 0       |

Warning: Restore has skipped some users and/or groups. Please check the logs for more information.
(2/6) Restoring backup '2026-06-05T15_30_24.625814389Z'
Copied all data in 2.599s (Avg. 206.57KiB/Sec)                                                                                  619 items / 413.14KiB
[===========================================================================================================================================] 100.00%

| Transfer
| --------
| Status    | Avg Transfer Rate | Started At                      | Finished At                     | Duration |
| Succeeded | 206.57KiB/s       | Tue, 09 Jun 2026 18:28:44 +0000 | Tue, 09 Jun 2026 18:28:47 +0000 | 2.663s   |

| Bucket
| ------
| Name          | Status    | Transferred | Avg Transfer Rate | Started At                      | Finished At                     | Duration |
| travel-sample | Succeeded | 413.14KiB   | 413.14KiB/s       | Tue, 09 Jun 2026 18:28:47 +0000 | Tue, 09 Jun 2026 18:28:47 +0000 | 177ms    |
|
| Mutations                    | Deletions                    | Expirations                  |
| ---------                    | ---------                    | -----------                  |
| Received | Errored | Skipped | Received | Errored | Skipped | Received | Errored | Skipped |
| 369      | 0       | 0       | 250      | 0       | 0       | 0        | 0       | 0       |

Warning: Restore has skipped some users and/or groups. Please check the logs for more information.
(3/6) Restoring backup '2026-06-05T16_37_54.174811004Z'
Copied all data in 2.991s (Avg. 143.06KiB/Sec)                                                                                  303 items / 286.13KiB
[===========================================================================================================================================] 100.00%

| Transfer
| --------
| Status    | Avg Transfer Rate | Started At                      | Finished At                     | Duration |
| Succeeded | 95.38KiB/s        | Tue, 09 Jun 2026 18:28:44 +0000 | Tue, 09 Jun 2026 18:28:47 +0000 | 3.042s   |

| Bucket
| ------
| Name          | Status    | Transferred | Avg Transfer Rate | Started At                      | Finished At                     | Duration |
| travel-sample | Succeeded | 286.13KiB   | 286.13KiB/s       | Tue, 09 Jun 2026 18:28:47 +0000 | Tue, 09 Jun 2026 18:28:47 +0000 | 172ms    |
|
| Mutations                    | Deletions                    | Expirations                  |
| ---------                    | ---------                    | -----------                  |
| Received | Errored | Skipped | Received | Errored | Skipped | Received | Errored | Skipped |
| 233      | 0       | 0       | 70       | 0       | 0       | 0        | 0       | 0       |

Warning: Restore has skipped some users and/or groups. Please check the logs for more information.
(4/6) Restoring backup '2026-06-05T18_30_56.913953884Z'
Copied all data in 3.461s (Avg. 241.02KiB/Sec)                                                                                  910 items / 723.06KiB
[===========================================================================================================================================] 100.00%

| Transfer
| --------
| Status    | Avg Transfer Rate | Started At                      | Finished At                     | Duration |
| Succeeded | 241.02KiB/s       | Tue, 09 Jun 2026 18:28:44 +0000 | Tue, 09 Jun 2026 18:28:48 +0000 | 3.498s   |

| Bucket
| ------
| Name          | Status    | Transferred | Avg Transfer Rate | Started At                      | Finished At                     | Duration |
| travel-sample | Succeeded | 723.06KiB   | 723.06KiB/s       | Tue, 09 Jun 2026 18:28:47 +0000 | Tue, 09 Jun 2026 18:28:48 +0000 | 243ms    |
|
| Mutations                    | Deletions                    | Expirations                  |
| ---------                    | ---------                    | -----------                  |
| Received | Errored | Skipped | Received | Errored | Skipped | Received | Errored | Skipped |
| 633      | 0       | 0       | 277      | 0       | 0       | 0        | 0       | 0       |

Warning: Restore has skipped some users and/or groups. Please check the logs for more information.
(5/6) Restoring backup '2026-06-05T19_30_57.726884217Z'
Copied all data in 5.093s (Avg. 11.28KiB/Sec)                                                                                     54 items / 56.39KiB
[===========================================================================================================================================] 100.00%

| Transfer
| --------
| Status    | Avg Transfer Rate | Started At                      | Finished At                     | Duration |
| Succeeded | 11.28KiB/s        | Tue, 09 Jun 2026 18:28:44 +0000 | Tue, 09 Jun 2026 18:28:49 +0000 | 5.119s   |

| Bucket
| ------
| Name          | Status    | Transferred | Avg Transfer Rate | Started At                      | Finished At                     | Duration |
| travel-sample | Succeeded | 56.39KiB    | 56.39KiB/s        | Tue, 09 Jun 2026 18:28:49 +0000 | Tue, 09 Jun 2026 18:28:49 +0000 | 117ms    |
|
| Mutations                    | Deletions                    | Expirations                  |
| ---------                    | ---------                    | -----------                  |
| Received | Errored | Skipped | Received | Errored | Skipped | Received | Errored | Skipped |
| 44       | 0       | 0       | 10       | 0       | 0       | 0        | 0       | 0       |

(6/6) Restoring backup 'Continuous'
Copied all data in 5.316s (Avg. 378B/Sec)                                                                                           0 items / 1.85KiB
[===========================================================================================================================================] 100.00%

| Transfer
| --------
| Status    | Avg Transfer Rate | Started At                      | Finished At                     | Duration |
| Succeeded | 378B/s            | Tue, 09 Jun 2026 18:28:44 +0000 | Tue, 09 Jun 2026 18:28:50 +0000 | 5.454s   |

| Bucket
| ------
| Name          | Status    | Transferred | Avg Transfer Rate | Started At                      | Finished At                     | Duration |
| travel-sample | Succeeded | 1.85KiB     | 1.85KiB/s         | Tue, 09 Jun 2026 18:28:50 +0000 | Tue, 09 Jun 2026 18:28:50 +0000 | 91ms     |
|
| Mutations                    | Deletions                    | Expirations                  |
| ---------                    | ---------                    | -----------                  |
| Received | Errored | Skipped | Received | Errored | Skipped | Received | Errored | Skipped |
| 0        | 0       | 0       | 0        | 0       | 0       | 0        | 0       | 0       |
root@node1:/# cbcontbk info -l /shared/continuous-backup/
| Buckets
| -------
| 
| * Bucket
|   ------
|   Name          | UUID                             |
|   travel-sample | b5de13bdc656985b0a41dd3d832c9be6 |
|   
|   Range
|   -----
|   Start                | End                  |
|   2026-06-05T14:57:18Z | 2026-06-09T14:54:10Z |
# end::restore-output[]